PS C:\Users\vator\OneDrive\Рабочий стол\gitSeminar\TestRepo190722> git checkout testB1
Switched to branch 'testB1'
PS C:\Users\vator\OneDrive\Рабочий стол\gitSeminar\TestRepo190722> git status    On branch testB1
nothing to commit, working tree clean
PS C:\Users\vator\OneDrive\Рабочий стол\gitSeminar\TestRepo190722> 